// Jest Snapshot v1, https://goo.gl/fbAQLP

exports[`renders learn react link 1`] = `
<DocumentFragment>
  <div
    class="container"
  >
    <div
      class="todo-container"
    >
      <form>
        <input
          data-testid="new-task"
          type="text"
          value=""
        />
        <button
          data-testid="add-task"
          disabled=""
          type="submit"
        >
          Add Task
        </button>
      </form>
      <ul />
    </div>
  </div>
</DocumentFragment>
`;
